// Vitest Snapshot v1, https://vitest.dev/guide/snapshot.html

exports[`matches snapshot 1`] = `
<DocumentFragment>
  <div>
    <div
      class="Box"
      style="background-color: red; width: 100px; height: 100px;"
    >
      <button
        class="button"
        type="button"
      >
        X
      </button>
    </div>
  </div>
</DocumentFragment>
`;
