// Vitest Snapshot v1, https://vitest.dev/guide/snapshot.html

exports[`matches snapshot 1`] = `
<DocumentFragment>
  <li>
    Test Task
    <button>
      X
    </button>
  </li>
</DocumentFragment>
`;
